// Jest Snapshot v1, https://goo.gl/fbAQLP

exports[`B renders 1`] = `
<B
  someprop={6}
>
  <div
    className="bContain"
    someprop={6}
  >
    <A
      label="test"
    >
      <div
        className="aContain"
      >
        test
      </div>
    </A>
  </div>
</B>
`;
