// Jest Snapshot v1, https://goo.gl/fbAQLP

exports[`A renders 1`] = `
<A
  someprop={3}
>
  <div
    className="a--aContain--1-O8k"
  />
</A>
`;
